test-part1$ pwd
/root/host-share/test-part1
test-part1$ exit
