test-part5$ sleep 1 &
[1]
test-part5$ sleep 2
[1] Done: sleep 1 
test-part5$ jobs
test-part5$ exit
