test-part5$ sleep 30 &
[1]
test-part5$ sleep 20 &
[2]
test-part5$ sleep 10 &
[3]
test-part5$ jobs
1: sleep 30 
2: sleep 20 
3: sleep 10 
test-part5$ exit
