test-part5$ bash -c $PWD/tests/4.sh &
[1]
test-part5$ sleep 3
Hello from the script!
[1] Done: bash -c $PWD/tests/4.sh 
test-part5$ exit
